// Jest Snapshot v1, https://goo.gl/fbAQLP

exports[`computeLightLevel 1`] = `0`;
